Archive member included to satisfy reference by file (symbol)

.\CortexM3\ARM_GCC_541\Debug\ProjetDino.a(CyLib.o)
                              .\CortexM3\ARM_GCC_541\Debug\Cm3Start.o (CyHalt)
.\CortexM3\ARM_GCC_541\Debug\ProjetDino.a(cyPm.o)
                              .\CortexM3\ARM_GCC_541\Debug\ProjetDino.a(CyLib.o) (CyPmReadStatus)
.\CortexM3\ARM_GCC_541\Debug\ProjetDino.a(SW1.o)
                              .\CortexM3\ARM_GCC_541\Debug\main.o (SW1_Read)
.\CortexM3\ARM_GCC_541\Debug\ProjetDino.a(SW2.o)
                              .\CortexM3\ARM_GCC_541\Debug\main.o (SW2_Read)
.\CortexM3\ARM_GCC_541\Debug\ProjetDino.a(LED1.o)
                              .\CortexM3\ARM_GCC_541\Debug\main.o (LED1_Write)
.\CortexM3\ARM_GCC_541\Debug\ProjetDino.a(LED2.o)
                              .\CortexM3\ARM_GCC_541\Debug\main.o (LED2_Write)
.\CortexM3\ARM_GCC_541\Debug\ProjetDino.a(LED3.o)
                              .\CortexM3\ARM_GCC_541\Debug\main.o (LED3_Write)
.\CortexM3\ARM_GCC_541\Debug\ProjetDino.a(LED4.o)
                              .\CortexM3\ARM_GCC_541\Debug\main.o (LED4_Write)
.\CortexM3\ARM_GCC_541\Debug\ProjetDino.a(PWM_JUMP.o)
                              .\CortexM3\ARM_GCC_541\Debug\main.o (PWM_JUMP_WriteCompare)
.\CortexM3\ARM_GCC_541\Debug\ProjetDino.a(PWM_DUCK.o)
                              .\CortexM3\ARM_GCC_541\Debug\main.o (PWM_DUCK_WriteCompare)
.\CortexM3\ARM_GCC_541\Debug\ProjetDino.a(ADC.o)
                              .\CortexM3\ARM_GCC_541\Debug\main.o (ADC_Start)
.\CortexM3\ARM_GCC_541\Debug\ProjetDino.a(ADC_INT.o)
                              .\CortexM3\ARM_GCC_541\Debug\ProjetDino.a(ADC.o) (ADC_ISR1)
.\CortexM3\ARM_GCC_541\Debug\ProjetDino.a(ADC_AMux.o)
                              .\CortexM3\ARM_GCC_541\Debug\ProjetDino.a(ADC.o) (ADC_AMux_Select)
.\CortexM3\ARM_GCC_541\Debug\ProjetDino.a(ADC_Ext_CP_Clk.o)
                              .\CortexM3\ARM_GCC_541\Debug\ProjetDino.a(ADC.o) (ADC_Ext_CP_Clk_SetModeRegister)
.\CortexM3\ARM_GCC_541\Debug\ProjetDino.a(ADC_theACLK.o)
                              .\CortexM3\ARM_GCC_541\Debug\ProjetDino.a(ADC.o) (ADC_theACLK_SetModeRegister)
.\CortexM3\ARM_GCC_541\Debug\ProjetDino.a(LCD.o)
                              .\CortexM3\ARM_GCC_541\Debug\main.o (LCD_WriteControl)
.\CortexM3\ARM_GCC_541\Debug\ProjetDino.a(CyBootAsmGnu.o)
                              .\CortexM3\ARM_GCC_541\Debug\cyfitter_cfg.o (CyDelayCycles)
.\CortexM3\ARM_GCC_541\Debug\ProjetDino.a(CyFlash.o)
                              .\CortexM3\ARM_GCC_541\Debug\ProjetDino.a(cyPm.o) (CyFlash_SetWaitCycles)
.\CortexM3\ARM_GCC_541\Debug\ProjetDino.a(CySpc.o)
                              .\CortexM3\ARM_GCC_541\Debug\ProjetDino.a(CyFlash.o) (CySpcStart)
c:/program files (x86)/cypress/psoc creator/4.4/psoc creator/import/gnu/arm/5.4.1/bin/../lib/gcc/arm-none-eabi/5.4.1/armv7-m\libgcc.a(_arm_addsubdf3.o)
                              .\CortexM3\ARM_GCC_541\Debug\ProjetDino.a(ADC.o) (__aeabi_f2d)
c:/program files (x86)/cypress/psoc creator/4.4/psoc creator/import/gnu/arm/5.4.1/bin/../lib/gcc/arm-none-eabi/5.4.1/armv7-m\libgcc.a(_arm_cmpdf2.o)
                              .\CortexM3\ARM_GCC_541\Debug\ProjetDino.a(ADC.o) (__aeabi_dcmpgt)
c:/program files (x86)/cypress/psoc creator/4.4/psoc creator/import/gnu/arm/5.4.1/bin/../lib/gcc/arm-none-eabi/5.4.1/armv7-m\libgcc.a(_arm_addsubsf3.o)
                              .\CortexM3\ARM_GCC_541\Debug\ProjetDino.a(ADC.o) (__aeabi_ui2f)
c:/program files (x86)/cypress/psoc creator/4.4/psoc creator/import/gnu/arm/5.4.1/bin/../lib/gcc/arm-none-eabi/5.4.1/armv7-m\libgcc.a(_arm_muldivsf3.o)
                              .\CortexM3\ARM_GCC_541\Debug\ProjetDino.a(ADC.o) (__aeabi_fmul)
c:/program files (x86)/cypress/psoc creator/4.4/psoc creator/import/gnu/arm/5.4.1/bin/../lib/gcc/arm-none-eabi/5.4.1/armv7-m\libgcc.a(_arm_fixunssfsi.o)
                              .\CortexM3\ARM_GCC_541\Debug\ProjetDino.a(ADC.o) (__aeabi_f2uiz)
c:/program files (x86)/cypress/psoc creator/4.4/psoc creator/import/gnu/arm/5.4.1/bin/../lib/gcc/arm-none-eabi/5.4.1/../../../../arm-none-eabi/lib/armv7-m\libg_nano.a(lib_a-errno.o)
                              .\CortexM3\ARM_GCC_541\Debug\Cm3Start.o (__errno)
c:/program files (x86)/cypress/psoc creator/4.4/psoc creator/import/gnu/arm/5.4.1/bin/../lib/gcc/arm-none-eabi/5.4.1/../../../../arm-none-eabi/lib/armv7-m\libg_nano.a(lib_a-exit.o)
                              c:/program files (x86)/cypress/psoc creator/4.4/psoc creator/import/gnu/arm/5.4.1/bin/../lib/gcc/arm-none-eabi/5.4.1/../../../../arm-none-eabi/lib/armv7-m/crt0.o (exit)
c:/program files (x86)/cypress/psoc creator/4.4/psoc creator/import/gnu/arm/5.4.1/bin/../lib/gcc/arm-none-eabi/5.4.1/../../../../arm-none-eabi/lib/armv7-m\libg_nano.a(lib_a-impure.o)
[...]
Memory Configuration

Name             Origin             Length             Attributes
rom              0x00000000         0x00040000         xr
ram              0x1fff8000         0x00010000         xrw
*default*        0x00000000         0xffffffff

Linker script and memory map

LOAD c:/program files (x86)/cypress/psoc creator/4.4/psoc creator/import/gnu/arm/5.4.1/bin/../lib/gcc/arm-none-eabi/5.4.1/armv7-m/crti.o
LOAD c:/program files (x86)/cypress/psoc creator/4.4/psoc creator/import/gnu/arm/5.4.1/bin/../lib/gcc/arm-none-eabi/5.4.1/armv7-m/crtbegin.o
LOAD c:/program files (x86)/cypress/psoc creator/4.4/psoc creator/import/gnu/arm/5.4.1/bin/../lib/gcc/arm-none-eabi/5.4.1/../../../../arm-none-eabi/lib/armv7-m/crt0.o
START GROUP
LOAD .\CortexM3\ARM_GCC_541\Debug\main.o
LOAD .\CortexM3\ARM_GCC_541\Debug\cyfitter_cfg.o
LOAD .\CortexM3\ARM_GCC_541\Debug\cymetadata.o
LOAD .\CortexM3\ARM_GCC_541\Debug\Cm3Start.o
LOAD .\CortexM3\ARM_GCC_541\Debug\ProjetDino.a
LOAD C:\Program Files (x86)\Cypress\PSoC Creator\4.4\PSoC Creator\psoc\content\cycomponentlibrary\CyComponentLibrary.cylib\CortexM3\ARM_GCC_541\Debug\CyComponentLibrary.a
END GROUP
START GROUP
LOAD c:/program files (x86)/cypress/psoc creator/4.4/psoc creator/import/gnu/arm/5.4.1/bin/../lib/gcc/arm-none-eabi/5.4.1/armv7-m\libgcc.a
LOAD c:/program files (x86)/cypress/psoc creator/4.4/psoc creator/import/gnu/arm/5.4.1/bin/../lib/gcc/arm-none-eabi/5.4.1/../../../../arm-none-eabi/lib/armv7-m\libg_nano.a
LOAD c:/program files (x86)/cypress/psoc creator/4.4/psoc creator/import/gnu/arm/5.4.1/bin/../lib/gcc/arm-none-eabi/5.4.1/../../../../arm-none-eabi/lib/armv7-m\libc_nano.a
END GROUP
START GROUP
LOAD c:/program files (x86)/cypress/psoc creator/4.4/psoc creator/import/gnu/arm/5.4.1/bin/../lib/gcc/arm-none-eabi/5.4.1/armv7-m\libgcc.a
LOAD c:/program files (x86)/cypress/psoc creator/4.4/psoc creator/import/gnu/arm/5.4.1/bin/../lib/gcc/arm-none-eabi/5.4.1/../../../../arm-none-eabi/lib/armv7-m\libc_nano.a
END GROUP
LOAD c:/program files (x86)/cypress/psoc creator/4.4/psoc creator/import/gnu/arm/5.4.1/bin/../lib/gcc/arm-none-eabi/5.4.1/armv7-m/crtend.o
LOAD c:/program files (x86)/cypress/psoc creator/4.4/psoc creator/import/gnu/arm/5.4.1/bin/../lib/gcc/arm-none-eabi/5.4.1/armv7-m/crtn.o
START GROUP
LOAD c:/program files (x86)/cypress/psoc creator/4.4/psoc creator/import/gnu/arm/5.4.1/bin/../lib/gcc/arm-none-eabi/5.4.1/armv7-m\libgcc.a
LOAD c:/program files (x86)/cypress/psoc creator/4.4/psoc creator/import/gnu/arm/5.4.1/bin/../lib/gcc/arm-none-eabi/5.4.1/../../../../arm-none-eabi/lib/armv7-m\libc.a
LOAD c:/program files (x86)/cypress/psoc creator/4.4/psoc creator/import/gnu/arm/5.4.1/bin/../lib/gcc/arm-none-eabi/5.4.1/../../../../arm-none-eabi/lib/armv7-m\libnosys.a
END GROUP
                0x00000000                CY_APPL_ORIGIN = 0x0
                0x00000100                CY_FLASH_ROW_SIZE = 0x100
                0x00000020                CY_ECC_ROW_SIZE = 0x20
                0x00000000                CY_EE_IN_BTLDR = 0x0
                0x00000000                CY_APPL_LOADABLE = 0x0
                0x00000800                CY_EE_SIZE = 0x800
                0x00000001                CY_APPL_NUM = 0x1
                0x00000001                CY_APPL_MAX = 0x1
                0x00000040                CY_METADATA_SIZE = 0x40
                0x00000000                CY_APPL_LOADABLE = 0x0
                0x00000000                CY_CHECKSUM_EXCLUDE_SIZE = ALIGN (0x0, CY_FLASH_ROW_SIZE)
                [!provide]                PROVIDE (__cy_heap_start, _end)
                0x00000001                PROVIDE (__cy_region_num, ((__cy_regions_end - __cy_regions) / 0x10))
                0x20008000                PROVIDE (__cy_stack, (ORIGIN (ram) + LENGTH (ram)))
                [!provide]                PROVIDE (__cy_heap_end, (__cy_stack - 0x800))

.cybootloader   0x00000000        0x0
 *(.cybootloader)
                0x00000000                appl1_start = CY_APPL_ORIGIN?CY_APPL_ORIGIN:ALIGN (CY_FLASH_ROW_SIZE)
                0x0001ff00                appl2_start = (appl1_start + ALIGN ((((LENGTH (rom) - appl1_start) - (0x2 * CY_FLASH_ROW_SIZE)) / 0x2), CY_FLASH_ROW_SIZE))
                0x00000000                appl_start = (CY_APPL_NUM == 0x1)?appl1_start:appl2_start
                0x00000000                ecc_offset = ((appl_start / CY_FLASH_ROW_SIZE) * CY_ECC_ROW_SIZE)
                0x00000000                ee_offset = (CY_APPL_LOADABLE && ! (CY_EE_IN_BTLDR))?((CY_EE_SIZE / CY_APPL_MAX) * (CY_APPL_NUM - 0x1)):0x0
                0x00000800                ee_size = (CY_APPL_LOADABLE && ! (CY_EE_IN_BTLDR))?(CY_EE_SIZE / CY_APPL_MAX):CY_EE_SIZE
                [!provide]                PROVIDE (CY_ECC_OFFSET, ecc_offset)

.text           0x00000000     0x154e
 CREATE_OBJECT_SYMBOLS
                0x00000000                PROVIDE (__cy_interrupt_vector, RomVectors)
 *(.romvectors)
 .romvectors    0x00000000       0x10 .\CortexM3\ARM_GCC_541\Debug\Cm3Start.o
                0x00000000                RomVectors
                0x00000001                ASSERT ((. != __cy_interrupt_vector), No interrupt vector)
                0x00000001                ASSERT (CY_APPL_ORIGIN?(SIZEOF (.cybootloader) <= CY_APPL_ORIGIN):0x1, Wrong image location)
                0x00000010                PROVIDE (__cy_reset, Reset)
 *(.text.Reset)
 .text.Reset    0x00000010       0x18 .\CortexM3\ARM_GCC_541\Debug\Cm3Start.o
                0x00000010                Reset
                0x00000001                ASSERT ((. != __cy_reset), No reset code)
 *(.dma_init)
                0x00000001                ASSERT ((((appl_start + .) <= 0x10000) || 0x1), DMA Init must be within the first 64k of flash)
 *(.text .text.* .gnu.linkonce.t.*)
 .text          0x00000028       0x5c c:/program files (x86)/cypress/psoc creator/4.4/psoc creator/import/gnu/arm/5.4.1/bin/../lib/gcc/arm-none-eabi/5.4.1/armv7-m/crtbegin.o
 .text.initDino
                0x00000084       0x14 .\CortexM3\ARM_GCC_541\Debug\main.o
                0x00000084                initDino
 .text.jumpLEDtoggle
                0x00000098       0x1c .\CortexM3\ARM_GCC_541\Debug\main.o
                0x00000098                jumpLEDtoggle
 .text.duckLEDtoggle
                0x000000b4       0x1c .\CortexM3\ARM_GCC_541\Debug\main.o
                0x000000b4                duckLEDtoggle
 .text.jump     0x000000d0       0x34 .\CortexM3\ARM_GCC_541\Debug\main.o
                0x000000d0                jump
 .text.duck     0x00000104       0x34 .\CortexM3\ARM_GCC_541\Debug\main.o
                0x00000104                duck
 .text.sw1      0x00000138        0x8 .\CortexM3\ARM_GCC_541\Debug\main.o
                0x00000138                sw1
 .text.sw2      0x00000140        0x8 .\CortexM3\ARM_GCC_541\Debug\main.o
                0x00000140                sw2
 .text.main     0x00000148       0x44 .\CortexM3\ARM_GCC_541\Debug\main.o
                0x00000148                main
 .text.CyClockStartupError
                0x0000018c        0x4 .\CortexM3\ARM_GCC_541\Debug\cyfitter_cfg.o
 .text.cfg_write_bytes32
                0x00000190       0x34 .\CortexM3\ARM_GCC_541\Debug\cyfitter_cfg.o
 .text.AnalogSetDefault
                0x000001c4       0x40 .\CortexM3\ARM_GCC_541\Debug\cyfitter_cfg.o
 .text.CYMEMZERO
                0x00000204        0xc .\CortexM3\ARM_GCC_541\Debug\cyfitter_cfg.o
 .text.CYCONFIGCPY
                0x00000210        0x8 .\CortexM3\ARM_GCC_541\Debug\cyfitter_cfg.o
 .text.ClockSetup
                0x00000218      0x100 .\CortexM3\ARM_GCC_541\Debug\cyfitter_cfg.o
 .text.ADC_AMux_Set
                0x00000318       0x1c .\CortexM3\ARM_GCC_541\Debug\cyfitter_cfg.o
                0x00000318                ADC_AMux_Set
 .text.ADC_AMux_Unset
                0x00000334       0x1c .\CortexM3\ARM_GCC_541\Debug\cyfitter_cfg.o
                0x00000334                ADC_AMux_Unset
 .text.cyfitter_cfg
                0x00000350      0x108 .\CortexM3\ARM_GCC_541\Debug\cyfitter_cfg.o
                0x00000350                cyfitter_cfg
 .text.IntDefaultHandler
                0x00000458       0x10 .\CortexM3\ARM_GCC_541\Debug\Cm3Start.o
                0x00000458                IntDefaultHandler
 .text.Start_c  0x00000468       0x4c .\CortexM3\ARM_GCC_541\Debug\Cm3Start.o
                0x00000468                Start_c
 .text.initialize_psoc
                0x000004b4       0x68 .\CortexM3\ARM_GCC_541\Debug\Cm3Start.o
                0x000004b4                initialize_psoc
 .text.CyHalt   0x0000051c        0x4 .\CortexM3\ARM_GCC_541\Debug\ProjetDino.a(CyLib.o)
                0x0000051c                CyHalt
 .text.CyDelay  0x00000520       0x2c .\CortexM3\ARM_GCC_541\Debug\ProjetDino.a(CyLib.o)
                0x00000520                CyDelay
 .text.CyDelayUs
                0x0000054c       0x14 .\CortexM3\ARM_GCC_541\Debug\ProjetDino.a(CyLib.o)
                0x0000054c                CyDelayUs
 .text.CyIntSetVector
                0x00000560       0x28 .\CortexM3\ARM_GCC_541\Debug\ProjetDino.a(CyLib.o)
                0x00000560                CyIntSetVector
 .text.CyIntSetPriority
                0x00000588       0x30 .\CortexM3\ARM_GCC_541\Debug\ProjetDino.a(CyLib.o)
                0x00000588                CyIntSetPriority
 .text.SW1_Read
                0x000005b8       0x10 .\CortexM3\ARM_GCC_541\Debug\ProjetDino.a(SW1.o)
                0x000005b8                SW1_Read
 .text.SW2_Read
                0x000005c8       0x10 .\CortexM3\ARM_GCC_541\Debug\ProjetDino.a(SW2.o)
                0x000005c8                SW2_Read
 .text.LED1_Write
                0x000005d8       0x18 .\CortexM3\ARM_GCC_541\Debug\ProjetDino.a(LED1.o)
                0x000005d8                LED1_Write
 .text.LED1_Read
                0x000005f0       0x10 .\CortexM3\ARM_GCC_541\Debug\ProjetDino.a(LED1.o)
                0x000005f0                LED1_Read
 .text.LED2_Write
                0x00000600       0x18 .\CortexM3\ARM_GCC_541\Debug\ProjetDino.a(LED2.o)
                0x00000600                LED2_Write
 .text.LED2_Read
                0x00000618       0x10 .\CortexM3\ARM_GCC_541\Debug\ProjetDino.a(LED2.o)
                0x00000618                LED2_Read
 .text.LED3_Write
                0x00000628       0x18 .\CortexM3\ARM_GCC_541\Debug\ProjetDino.a(LED3.o)
                0x00000628                LED3_Write
 .text.LED3_Read
                0x00000640       0x10 .\CortexM3\ARM_GCC_541\Debug\ProjetDino.a(LED3.o)
                0x00000640                LED3_Read
 .text.LED4_Write
                0x00000650       0x18 .\CortexM3\ARM_GCC_541\Debug\ProjetDino.a(LED4.o)
                0x00000650                LED4_Write
 .text.LED4_Read
                0x00000668       0x10 .\CortexM3\ARM_GCC_541\Debug\ProjetDino.a(LED4.o)
                0x00000668                LED4_Read
 .text.PWM_JUMP_Enable
                0x00000678       0x10 .\CortexM3\ARM_GCC_541\Debug\ProjetDino.a(PWM_JUMP.o)
                0x00000678                PWM_JUMP_Enable
 .text.PWM_JUMP_WriteCounter
                0x00000688        0xc .\CortexM3\ARM_GCC_541\Debug\ProjetDino.a(PWM_JUMP.o)
                0x00000688                PWM_JUMP_WriteCounter
 .text.PWM_JUMP_WritePeriod
                0x00000694        0xc .\CortexM3\ARM_GCC_541\Debug\ProjetDino.a(PWM_JUMP.o)
                0x00000694                PWM_JUMP_WritePeriod
 .text.PWM_JUMP_WriteCompare
                0x000006a0        0xc .\CortexM3\ARM_GCC_541\Debug\ProjetDino.a(PWM_JUMP.o)
                0x000006a0                PWM_JUMP_WriteCompare
 .text.PWM_JUMP_SetInterruptMode
                0x000006ac        0xc .\CortexM3\ARM_GCC_541\Debug\ProjetDino.a(PWM_JUMP.o)
                0x000006ac                PWM_JUMP_SetInterruptMode
 .text.PWM_JUMP_ReadStatusRegister
                0x000006b8        0xc .\CortexM3\ARM_GCC_541\Debug\ProjetDino.a(PWM_JUMP.o)
                0x000006b8                PWM_JUMP_ReadStatusRegister
 .text.PWM_JUMP_ReadCapture
                0x000006c4        0xc .\CortexM3\ARM_GCC_541\Debug\ProjetDino.a(PWM_JUMP.o)
                0x000006c4                PWM_JUMP_ReadCapture
 .text.PWM_JUMP_ClearFIFO
                0x000006d0       0x14 .\CortexM3\ARM_GCC_541\Debug\ProjetDino.a(PWM_JUMP.o)
                0x000006d0                PWM_JUMP_ClearFIFO
 .text.PWM_JUMP_Init
                0x000006e4       0x60 .\CortexM3\ARM_GCC_541\Debug\ProjetDino.a(PWM_JUMP.o)
                0x000006e4                PWM_JUMP_Init
 .text.PWM_JUMP_Start
                0x00000744       0x1c .\CortexM3\ARM_GCC_541\Debug\ProjetDino.a(PWM_JUMP.o)
                0x00000744                PWM_JUMP_Start
 .text.PWM_DUCK_Enable
                0x00000760       0x10 .\CortexM3\ARM_GCC_541\Debug\ProjetDino.a(PWM_DUCK.o)
                0x00000760                PWM_DUCK_Enable
 .text.PWM_DUCK_WriteCounter
                0x00000770        0xc .\CortexM3\ARM_GCC_541\Debug\ProjetDino.a(PWM_DUCK.o)
                0x00000770                PWM_DUCK_WriteCounter
 .text.PWM_DUCK_WritePeriod
                0x0000077c        0xc .\CortexM3\ARM_GCC_541\Debug\ProjetDino.a(PWM_DUCK.o)
                0x0000077c                PWM_DUCK_WritePeriod
 .text.PWM_DUCK_WriteCompare
                0x00000788        0xc .\CortexM3\ARM_GCC_541\Debug\ProjetDino.a(PWM_DUCK.o)
                0x00000788                PWM_DUCK_WriteCompare
 .text.PWM_DUCK_SetInterruptMode
                0x00000794        0xc .\CortexM3\ARM_GCC_541\Debug\ProjetDino.a(PWM_DUCK.o)
                0x00000794                PWM_DUCK_SetInterruptMode
 .text.PWM_DUCK_ReadStatusRegister
                0x000007a0        0xc .\CortexM3\ARM_GCC_541\Debug\ProjetDino.a(PWM_DUCK.o)
                0x000007a0                PWM_DUCK_ReadStatusRegister
 .text.PWM_DUCK_ReadCapture
                0x000007ac        0xc .\CortexM3\ARM_GCC_541\Debug\ProjetDino.a(PWM_DUCK.o)
                0x000007ac                PWM_DUCK_ReadCapture
 .text.PWM_DUCK_ClearFIFO
                0x000007b8       0x14 .\CortexM3\ARM_GCC_541\Debug\ProjetDino.a(PWM_DUCK.o)
                0x000007b8                PWM_DUCK_ClearFIFO
 .text.PWM_DUCK_Init
                0x000007cc       0x60 .\CortexM3\ARM_GCC_541\Debug\ProjetDino.a(PWM_DUCK.o)
                0x000007cc                PWM_DUCK_Init
 .text.PWM_DUCK_Start
                0x0000082c       0x1c .\CortexM3\ARM_GCC_541\Debug\ProjetDino.a(PWM_DUCK.o)
                0x0000082c                PWM_DUCK_Start
 .text.ADC_GainCompensation
                0x00000848       0xe0 .\CortexM3\ARM_GCC_541\Debug\ProjetDino.a(ADC.o)
 .text.ADC_SetDSMRef0Reg
                0x00000928       0x4c .\CortexM3\ARM_GCC_541\Debug\ProjetDino.a(ADC.o)
 .text.ADC_InitConfig
                0x00000974      0x32c .\CortexM3\ARM_GCC_541\Debug\ProjetDino.a(ADC.o)
 .text.ADC_Init
                0x00000ca0      0x108 .\CortexM3\ARM_GCC_541\Debug\ProjetDino.a(ADC.o)
                0x00000ca0                ADC_Init
 .text.ADC_Enable
                0x00000da8       0xd8 .\CortexM3\ARM_GCC_541\Debug\ProjetDino.a(ADC.o)
                0x00000da8                ADC_Enable
 .text.ADC_Start
                0x00000e80       0x28 .\CortexM3\ARM_GCC_541\Debug\ProjetDino.a(ADC.o)
                0x00000e80                ADC_Start
 .text.ADC_StartConvert
                0x00000ea8       0x10 .\CortexM3\ARM_GCC_541\Debug\ProjetDino.a(ADC.o)
                0x00000ea8                ADC_StartConvert
 .text.ADC_StopConvert
                0x00000eb8       0x10 .\CortexM3\ARM_GCC_541\Debug\ProjetDino.a(ADC.o)
                0x00000eb8                ADC_StopConvert
 .text.ADC_IsEndConversion
                0x00000ec8       0x30 .\CortexM3\ARM_GCC_541\Debug\ProjetDino.a(ADC.o)
                0x00000ec8                ADC_IsEndConversion
 .text.ADC_GetResult16
                0x00000ef8       0x50 .\CortexM3\ARM_GCC_541\Debug\ProjetDino.a(ADC.o)
                0x00000ef8                ADC_GetResult16
 .text.ADC_Read16
                0x00000f48       0x28 .\CortexM3\ARM_GCC_541\Debug\ProjetDino.a(ADC.o)
                0x00000f48                ADC_Read16
 .text.ADC_ISR1
                0x00000f70        0x4 .\CortexM3\ARM_GCC_541\Debug\ProjetDino.a(ADC_INT.o)
                0x00000f70                ADC_ISR1
 .text.ADC_ISR2
                0x00000f74        0x4 .\CortexM3\ARM_GCC_541\Debug\ProjetDino.a(ADC_INT.o)
                0x00000f74                ADC_ISR2
 .text.ADC_ISR3
                0x00000f78        0x4 .\CortexM3\ARM_GCC_541\Debug\ProjetDino.a(ADC_INT.o)
                0x00000f78                ADC_ISR3
 .text.ADC_ISR4
                0x00000f7c        0x4 .\CortexM3\ARM_GCC_541\Debug\ProjetDino.a(ADC_INT.o)
                0x00000f7c                ADC_ISR4
 .text.ADC_AMux_Start
                0x00000f80       0x20 .\CortexM3\ARM_GCC_541\Debug\ProjetDino.a(ADC_AMux.o)
                0x00000f80                ADC_AMux_Start
 .text.ADC_AMux_Select
                0x00000fa0       0x18 .\CortexM3\ARM_GCC_541\Debug\ProjetDino.a(ADC_AMux.o)
                0x00000fa0                ADC_AMux_Select
 .text.ADC_Ext_CP_Clk_GetDividerRegister
                0x00000fb8        0xc .\CortexM3\ARM_GCC_541\Debug\ProjetDino.a(ADC_Ext_CP_Clk.o)
                0x00000fb8                ADC_Ext_CP_Clk_GetDividerRegister
 .text.ADC_Ext_CP_Clk_SetModeRegister
                0x00000fc4       0x14 .\CortexM3\ARM_GCC_541\Debug\ProjetDino.a(ADC_Ext_CP_Clk.o)
                0x00000fc4                ADC_Ext_CP_Clk_SetModeRegister
 .text.ADC_Ext_CP_Clk_GetSourceRegister
                0x00000fd8       0x10 .\CortexM3\ARM_GCC_541\Debug\ProjetDino.a(ADC_Ext_CP_Clk.o)
                0x00000fd8                ADC_Ext_CP_Clk_GetSourceRegister
 .text.ADC_Ext_CP_Clk_SetDividerRegister
                0x00000fe8       0xdc .\CortexM3\ARM_GCC_541\Debug\ProjetDino.a(ADC_Ext_CP_Clk.o)
                0x00000fe8                ADC_Ext_CP_Clk_SetDividerRegister
 .text.ADC_theACLK_GetDividerRegister
                0x000010c4        0xc .\CortexM3\ARM_GCC_541\Debug\ProjetDino.a(ADC_theACLK.o)
                0x000010c4                ADC_theACLK_GetDividerRegister
 .text.ADC_theACLK_SetModeRegister
                0x000010d0       0x14 .\CortexM3\ARM_GCC_541\Debug\ProjetDino.a(ADC_theACLK.o)
                0x000010d0                ADC_theACLK_SetModeRegister
 .text.ADC_theACLK_GetSourceRegister
                0x000010e4       0x10 .\CortexM3\ARM_GCC_541\Debug\ProjetDino.a(ADC_theACLK.o)
                0x000010e4                ADC_theACLK_GetSourceRegister
 .text.ADC_theACLK_SetDividerRegister
                0x000010f4       0xd8 .\CortexM3\ARM_GCC_541\Debug\ProjetDino.a(ADC_theACLK.o)
                0x000010f4                ADC_theACLK_SetDividerRegister
 .text.LCD_WrCntrlNib
                0x000011cc       0x34 .\CortexM3\ARM_GCC_541\Debug\ProjetDino.a(LCD.o)
 .text.LCD_WrDatNib
                0x00001200       0x44 .\CortexM3\ARM_GCC_541\Debug\ProjetDino.a(LCD.o)
 .text.LCD_IsReady
                0x00001244       0xe4 .\CortexM3\ARM_GCC_541\Debug\ProjetDino.a(LCD.o)
                0x00001244                LCD_IsReady
 .text.LCD_WriteData
                0x00001328       0x18 .\CortexM3\ARM_GCC_541\Debug\ProjetDino.a(LCD.o)
                0x00001328                LCD_WriteData
 .text.LCD_PrintString
                0x00001340       0x1c .\CortexM3\ARM_GCC_541\Debug\ProjetDino.a(LCD.o)
                0x00001340                LCD_PrintString
 .text.LCD_WriteControl
                0x0000135c       0x18 .\CortexM3\ARM_GCC_541\Debug\ProjetDino.a(LCD.o)
                0x0000135c                LCD_WriteControl
 .text.LCD_Init
                0x00001374       0x6c .\CortexM3\ARM_GCC_541\Debug\ProjetDino.a(LCD.o)
                0x00001374                LCD_Init
 .text.LCD_Enable
                0x000013e0       0x14 .\CortexM3\ARM_GCC_541\Debug\ProjetDino.a(LCD.o)
                0x000013e0                LCD_Enable
 .text.LCD_Start
                0x000013f4       0x1c .\CortexM3\ARM_GCC_541\Debug\ProjetDino.a(LCD.o)
                0x000013f4                LCD_Start
 .text.LCD_Position
                0x00001410       0x3c .\CortexM3\ARM_GCC_541\Debug\ProjetDino.a(LCD.o)
                0x00001410                LCD_Position
 .text.LCD_PrintU32Number
                0x0000144c       0x64 .\CortexM3\ARM_GCC_541\Debug\ProjetDino.a(LCD.o)
                0x0000144c                LCD_PrintU32Number
 .text          0x000014b0       0x20 .\CortexM3\ARM_GCC_541\Debug\ProjetDino.a(CyBootAsmGnu.o)
                0x000014b0                CyDelayCycles
                0x000014c0                CyEnterCriticalSection
                0x000014c8                CyExitCriticalSection
 .text.__errno  0x000014d0        0xc c:/program files (x86)/cypress/psoc creator/4.4/psoc creator/import/gnu/arm/5.4.1/bin/../lib/gcc/arm-none-eabi/5.4.1/../../../../arm-none-eabi/lib/armv7-m\libg_nano.a(lib_a-errno.o)
                0x000014d0                __errno
 .text.__libc_init_array
                0x000014dc       0x4c c:/program files (x86)/cypress/psoc creator/4.4/psoc creator/import/gnu/arm/5.4.1/bin/../lib/gcc/arm-none-eabi/5.4.1/../../../../arm-none-eabi/lib/armv7-m\libg_nano.a(lib_a-init.o)
                0x000014dc                __libc_init_array
 .text.memcpy   0x00001528       0x16 c:/program files (x86)/cypress/psoc creator/4.4/psoc creator/import/gnu/arm/5.4.1/bin/../lib/gcc/arm-none-eabi/5.4.1/../../../../arm-none-eabi/lib/armv7-m\libg_nano.a(lib_a-memcpy-stub.o)
                0x00001528                memcpy
 .text.memset   0x0000153e       0x10 c:/program files (x86)/cypress/psoc creator/4.4/psoc creator/import/gnu/arm/5.4.1/bin/../lib/gcc/arm-none-eabi/5.4.1/../../../../arm-none-eabi/lib/armv7-m\libg_nano.a(lib_a-memset.o)
                0x0000153e                memset
 *(.plt)
 *(.gnu.warning)
 *(.glue_7t)
 .glue_7t       0x0000154e        0x0 linker stubs
 *(.glue_7)
 .glue_7        0x0000154e        0x0 linker stubs
 *(.vfp11_veneer)
 .vfp11_veneer  0x0000154e        0x0 linker stubs
 *(.bootloader)
 *(.ARM.extab* .gnu.linkonce.armextab.*)
 *(.gcc_except_table)

.v4_bx          0x00001550        0x0
 .v4_bx         0x00001550        0x0 linker stubs

.iplt           0x00001550        0x0
 .iplt          0x00001550        0x0 c:/program files (x86)/cypress/psoc creator/4.4/psoc creator/import/gnu/arm/5.4.1/bin/../lib/gcc/arm-none-eabi/5.4.1/armv7-m/crtbegin.o

.eh_frame_hdr
 *(.eh_frame_hdr)

.eh_frame       0x00001550        0x4
 *(.eh_frame)
 .eh_frame      0x00001550        0x0 c:/program files (x86)/cypress/psoc creator/4.4/psoc creator/import/gnu/arm/5.4.1/bin/../lib/gcc/arm-none-eabi/5.4.1/armv7-m/crtbegin.o
 .eh_frame      0x00001550        0x4 c:/program files (x86)/cypress/psoc creator/4.4/psoc creator/import/gnu/arm/5.4.1/bin/../lib/gcc/arm-none-eabi/5.4.1/armv7-m/crtend.o
                [!provide]                PROVIDE (__exidx_start, .)

.ARM.exidx
 *(.ARM.exidx* .gnu.linkonce.armexidx.*)
                0x00001554                __exidx_end = .

.rodata         0x00001554       0x6c
 *(.rodata .rodata.* .gnu.linkonce.r.*)
 .rodata        0x00001554       0x36 .\CortexM3\ARM_GCC_541\Debug\cyfitter_cfg.o
                0x00001554                ADC_AMux__addrTable
                0x0000155c                ADC_AMux__maskTable
 .rodata.str1.1
                0x0000158a        0x2 c:/program files (x86)/cypress/psoc creator/4.4/psoc creator/import/gnu/arm/5.4.1/bin/../lib/gcc/arm-none-eabi/5.4.1/../../../../arm-none-eabi/lib/armv7-m\libg_nano.a(lib_a-impure.o)
                0x0000158c                . = ALIGN (0x4)
 *(.init)
 .init          0x0000158c        0x4 c:/program files (x86)/cypress/psoc creator/4.4/psoc creator/import/gnu/arm/5.4.1/bin/../lib/gcc/arm-none-eabi/5.4.1/armv7-m/crti.o
                0x0000158c                _init
 .init          0x00001590        0x8 c:/program files (x86)/cypress/psoc creator/4.4/psoc creator/import/gnu/arm/5.4.1/bin/../lib/gcc/arm-none-eabi/5.4.1/armv7-m/crtn.o
                0x00001598                . = ALIGN (0x4)
                0x00001598                __preinit_array_start = .
 *(.preinit_array)
                0x00001598                __preinit_array_end = .
                0x00001598                . = ALIGN (0x4)
                0x00001598                __init_array_start = .
 *(SORT(.init_array.*))
 *(.init_array)
 .init_array    0x00001598        0x4 c:/program files (x86)/cypress/psoc creator/4.4/psoc creator/import/gnu/arm/5.4.1/bin/../lib/gcc/arm-none-eabi/5.4.1/armv7-m/crtbegin.o
 .init_array    0x0000159c        0x4 .\CortexM3\ARM_GCC_541\Debug\Cm3Start.o
                0x000015a0                __init_array_end = .
                0x000015a0                . = ALIGN (0x4)
 *(.fini)
 .fini          0x000015a0        0x4 c:/program files (x86)/cypress/psoc creator/4.4/psoc creator/import/gnu/arm/5.4.1/bin/../lib/gcc/arm-none-eabi/5.4.1/armv7-m/crti.o
                0x000015a0                _fini
 .fini          0x000015a4        0x8 c:/program files (x86)/cypress/psoc creator/4.4/psoc creator/import/gnu/arm/5.4.1/bin/../lib/gcc/arm-none-eabi/5.4.1/armv7-m/crtn.o
                0x000015ac                . = ALIGN (0x4)
                0x000015ac                __fini_array_start = .
 *(.fini_array)
 .fini_array    0x000015ac        0x4 c:/program files (x86)/cypress/psoc creator/4.4/psoc creator/import/gnu/arm/5.4.1/bin/../lib/gcc/arm-none-eabi/5.4.1/armv7-m/crtbegin.o
 *(SORT(.fini_array.*))
                0x000015b0                __fini_array_end = .
                0x000015b0                . = ALIGN (0x4)
 *crtbegin.o(.ctors)
 *(EXCLUDE_FILE(*crtend.o) .ctors)
 *(SORT(.ctors.*))
 *crtend.o(.ctors)
                0x000015b0                . = ALIGN (0x4)
 *crtbegin.o(.dtors)
 *(EXCLUDE_FILE(*crtend.o) .dtors)
 *(SORT(.dtors.*))
 *crtend.o(.dtors)
                0x000015b0                . = ALIGN (0x4)
                0x000015b0                __cy_regions = .
                0x000015b0        0x4 LONG 0x15c0 __cy_region_init_ram
                0x000015b4        0x4 LONG 0x1fff80c8 __cy_region_start_data
                0x000015b8        0x4 LONG 0x80 __cy_region_init_size_ram
                0x000015bc        0x4 LONG 0x48 __cy_region_zero_size_ram
                0x000015c0                __cy_regions_end = .
                0x000015c0                . = ALIGN (0x8)
                0x000015c0                _etext = .

.cy_checksum_exclude
                0x000015c0        0x0
 *(.cy_checksum_exclude)

.ramvectors     0x1fff8000       0xc0
                0x1fff8000                __cy_region_start_ram = .
 *(.ramvectors)
 .ramvectors    0x1fff8000       0xc0 .\CortexM3\ARM_GCC_541\Debug\Cm3Start.o
                0x1fff8000                CyRamVectors

.noinit         0x1fff80c0        0x1
 *(.noinit)
 .noinit        0x1fff80c0        0x1 .\CortexM3\ARM_GCC_541\Debug\ProjetDino.a(CyLib.o)
                0x1fff80c0                CyResetStatus

.data           0x1fff80c8       0x80 load address 0x000015c0
                0x1fff80c8                __cy_region_start_data = .
 *(.jcr)
 .jcr           0x1fff80c8        0x0 c:/program files (x86)/cypress/psoc creator/4.4/psoc creator/import/gnu/arm/5.4.1/bin/../lib/gcc/arm-none-eabi/5.4.1/armv7-m/crtbegin.o
 .jcr           0x1fff80c8        0x4 c:/program files (x86)/cypress/psoc creator/4.4/psoc creator/import/gnu/arm/5.4.1/bin/../lib/gcc/arm-none-eabi/5.4.1/armv7-m/crtend.o
 *(.got.plt)
 *(.got)
 *(.shdata)
 *(.data .data.* .gnu.linkonce.d.*)
 .data          0x1fff80cc       0x10 .\CortexM3\ARM_GCC_541\Debug\ProjetDino.a(CyLib.o)
                0x1fff80cc                cydelay_32k_ms
                0x1fff80d0                cydelay_freq_khz
                0x1fff80d4                cydelay_freq_mhz
                0x1fff80d8                cydelay_freq_hz
 .data          0x1fff80dc        0x1 .\CortexM3\ARM_GCC_541\Debug\ProjetDino.a(ADC.o)
                0x1fff80dc                ADC_Config
 .data          0x1fff80dd        0x1 .\CortexM3\ARM_GCC_541\Debug\ProjetDino.a(ADC_AMux.o)
 *fill*         0x1fff80de        0x2 
 .data.impure_data
                0x1fff80e0       0x60 c:/program files (x86)/cypress/psoc creator/4.4/psoc creator/import/gnu/arm/5.4.1/bin/../lib/gcc/arm-none-eabi/5.4.1/../../../../arm-none-eabi/lib/armv7-m\libg_nano.a(lib_a-impure.o)
 .data._impure_ptr
                0x1fff8140        0x4 c:/program files (x86)/cypress/psoc creator/4.4/psoc creator/import/gnu/arm/5.4.1/bin/../lib/gcc/arm-none-eabi/5.4.1/../../../../arm-none-eabi/lib/armv7-m\libg_nano.a(lib_a-impure.o)
                0x1fff8140                _impure_ptr
                0x1fff8148                . = ALIGN (0x8)
 *fill*         0x1fff8144        0x4 
 *(.ram)
                0x1fff8148                _edata = .

.igot.plt       0x1fff8148        0x0 load address 0x00001640
 .igot.plt      0x1fff8148        0x0 c:/program files (x86)/cypress/psoc creator/4.4/psoc creator/import/gnu/arm/5.4.1/bin/../lib/gcc/arm-none-eabi/5.4.1/armv7-m/crtbegin.o

.bss            0x1fff8148       0x48 load address 0x00001640
                0x1fff8148                PROVIDE (__bss_start__, .)
 *(.shbss)
 *(.bss .bss.* .gnu.linkonce.b.*)
 .bss           0x1fff8148       0x1c c:/program files (x86)/cypress/psoc creator/4.4/psoc creator/import/gnu/arm/5.4.1/bin/../lib/gcc/arm-none-eabi/5.4.1/armv7-m/crtbegin.o
 .bss           0x1fff8164        0x4 .\CortexM3\ARM_GCC_541\Debug\main.o
                0x1fff8164                JUMP_COUNTER
 .bss           0x1fff8168        0x1 .\CortexM3\ARM_GCC_541\Debug\ProjetDino.a(PWM_JUMP.o)
                0x1fff8168                PWM_JUMP_initVar
 .bss           0x1fff8169        0x1 .\CortexM3\ARM_GCC_541\Debug\ProjetDino.a(PWM_DUCK.o)
                0x1fff8169                PWM_DUCK_initVar
 *fill*         0x1fff816a        0x2 
 .bss           0x1fff816c       0x18 .\CortexM3\ARM_GCC_541\Debug\ProjetDino.a(ADC.o)
                0x1fff817c                ADC_stopConversion
                0x1fff817d                ADC_convDone
                0x1fff817e                ADC_initVar
                0x1fff817f                ADC_started
                0x1fff8180                ADC_Offset
 .bss           0x1fff8184        0x2 .\CortexM3\ARM_GCC_541\Debug\ProjetDino.a(LCD.o)
                0x1fff8184                LCD_enableState
                0x1fff8185                LCD_initVar
 *(COMMON)
 *fill*         0x1fff8186        0x2 
 COMMON         0x1fff8188        0x4 .\CortexM3\ARM_GCC_541\Debug\ProjetDino.a(ADC.o)
                0x1fff8188                ADC_CountsPerVolt
                0x1fff8190                . = ALIGN (0x8)
 *fill*         0x1fff818c        0x4 
 *(.ram.b)
                0x1fff8190                _end = .
                0x1fff8190                __end = .
                0x1fff8190                PROVIDE (end, .)
                0x1fff8190                PROVIDE (__bss_end__, .)
                0x000015c0                __cy_region_init_ram = LOADADDR (.data)
                0x00000080                __cy_region_init_size_ram = (_edata - ADDR (.data))
                0x00000048                __cy_region_zero_size_ram = (_end - _edata)

.heap           0x1fff8190       0x80 load address 0x00001640
                0x1fff8190                . = _end
                0x1fff8210                . = (. + 0x80)
 *fill*         0x1fff8190       0x80 
                0x1fff8210                __cy_heap_limit = .

.stack          0x20007800      0x800
                0x20007800                __cy_stack_limit = .
                0x20008000                . = (. + 0x800)
 *fill*         0x20007800      0x800 
                0x00000001                ASSERT ((__cy_stack_limit >= __cy_heap_limit), region RAM overflowed with stack)
                0x00000000                cy_checksum_exclude_size = (CY_APPL_LOADABLE == 0x1)?SIZEOF (.cy_checksum_exclude):0x0
                0x00000001                ASSERT ((cy_checksum_exclude_size <= CY_CHECKSUM_EXCLUDE_SIZE), CY_BOOT: Section .cy_checksum_exclude size exceedes specified limit.)

.cyloadermeta
 *(.cyloadermeta)

.cyloadablemeta
 *(.cyloadablemeta)

.cyconfigecc    0x80000000      0x234
 *(.cyconfigecc)
 .cyconfigecc   0x80000000      0x234 .\CortexM3\ARM_GCC_541\Debug\cymetadata.o
                0x80000000                cy_meta_configecc

.cycustnvl      0x90000000        0x4
 *(.cycustnvl)
 .cycustnvl     0x90000000        0x4 .\CortexM3\ARM_GCC_541\Debug\cymetadata.o
                0x90000000                cy_meta_custnvl

.cywolatch      0x90100000        0x4
 *(.cywolatch)
 .cywolatch     0x90100000        0x4 .\CortexM3\ARM_GCC_541\Debug\cymetadata.o
                0x90100000                cy_meta_wonvl

.cyeeprom       0x90200000        0x0
 *(.cyeeprom)
                0x00000001                ASSERT ((. <= ((0x90200000 + ee_offset) + ee_size)), .cyeeprom data will not fit in EEPROM)

.cyflashprotect
                0x90400000      0x100
 *(.cyflashprotect)
 .cyflashprotect
                0x90400000      0x100 .\CortexM3\ARM_GCC_541\Debug\cymetadata.o
                0x90400000                cy_meta_flashprotect

.cymeta         0x90500000        0xc
 *(.cymeta)
 .cymeta        0x90500000        0xc .\CortexM3\ARM_GCC_541\Debug\cymetadata.o
                0x90500000                cy_metadata

.rel.dyn        0x00001640        0x0 load address 0x9050000c
 .rel.iplt      0x00001640        0x0 c:/program files (x86)/cypress/psoc creator/4.4/psoc creator/import/gnu/arm/5.4.1/bin/../lib/gcc/arm-none-eabi/5.4.1/armv7-m/crtbegin.o

.stab
 *(.stab)

.stabstr
 *(.stabstr)

.debug
 *(.debug)

.line
 *(.line)

.debug_srcinfo
 *(.debug_srcinfo)

.debug_sfnames
 *(.debug_sfnames)

.debug_aranges  0x00000000      0xae0
 *(.debug_aranges)
 .debug_aranges
                0x00000000       0x60 .\CortexM3\ARM_GCC_541\Debug\main.o
 .debug_aranges
                0x00000060       0x68 .\CortexM3\ARM_GCC_541\Debug\cyfitter_cfg.o
 .debug_aranges
                0x000000c8       0x18 .\CortexM3\ARM_GCC_541\Debug\cymetadata.o
 .debug_aranges
                0x000000e0       0x48 .\CortexM3\ARM_GCC_541\Debug\Cm3Start.o
 .debug_aranges
                0x00000128      0x2a0 .\CortexM3\ARM_GCC_541\Debug\ProjetDino.a(CyLib.o)
 .debug_aranges
                0x000003c8       0x98 .\CortexM3\ARM_GCC_541\Debug\ProjetDino.a(cyPm.o)
 .debug_aranges
                0x00000460       0x38 .\CortexM3\ARM_GCC_541\Debug\ProjetDino.a(SW1.o)
 .debug_aranges
                0x00000498       0x38 .\CortexM3\ARM_GCC_541\Debug\ProjetDino.a(SW2.o)
 .debug_aranges
                0x000004d0       0x38 .\CortexM3\ARM_GCC_541\Debug\ProjetDino.a(LED1.o)
 .debug_aranges
                0x00000508       0x38 .\CortexM3\ARM_GCC_541\Debug\ProjetDino.a(LED2.o)
 .debug_aranges
                0x00000540       0x38 .\CortexM3\ARM_GCC_541\Debug\ProjetDino.a(LED3.o)
 .debug_aranges
                0x00000578       0x38 .\CortexM3\ARM_GCC_541\Debug\ProjetDino.a(LED4.o)
 .debug_aranges
                0x000005b0       0x98 .\CortexM3\ARM_GCC_541\Debug\ProjetDino.a(PWM_JUMP.o)
 .debug_aranges
                0x00000648       0x98 .\CortexM3\ARM_GCC_541\Debug\ProjetDino.a(PWM_DUCK.o)
 .debug_aranges
                0x000006e0       0xe8 .\CortexM3\ARM_GCC_541\Debug\ProjetDino.a(ADC.o)
 .debug_aranges
                0x000007c8       0x38 .\CortexM3\ARM_GCC_541\Debug\ProjetDino.a(ADC_INT.o)
 .debug_aranges
                0x00000800       0x30 .\CortexM3\ARM_GCC_541\Debug\ProjetDino.a(ADC_AMux.o)
 .debug_aranges
                0x00000830       0x70 .\CortexM3\ARM_GCC_541\Debug\ProjetDino.a(ADC_Ext_CP_Clk.o)
 .debug_aranges
                0x000008a0       0x80 .\CortexM3\ARM_GCC_541\Debug\ProjetDino.a(ADC_theACLK.o)
 .debug_aranges
                0x00000920       0x98 .\CortexM3\ARM_GCC_541\Debug\ProjetDino.a(LCD.o)
 .debug_aranges
                0x000009b8       0x20 .\CortexM3\ARM_GCC_541\Debug\ProjetDino.a(CyBootAsmGnu.o)
 .debug_aranges
                0x000009d8       0x88 .\CortexM3\ARM_GCC_541\Debug\ProjetDino.a(CyFlash.o)
 .debug_aranges
                0x00000a60       0x80 .\CortexM3\ARM_GCC_541\Debug\ProjetDino.a(CySpc.o)

.debug_pubnames
 *(.debug_pubnames)

.debug_info     0x00000000     0x60d1
 *(.debug_info .gnu.linkonce.wi.*)
 .debug_info    0x00000000      0x472 .\CortexM3\ARM_GCC_541\Debug\main.o
 .debug_info    0x00000472      0x5c0 .\CortexM3\ARM_GCC_541\Debug\cyfitter_cfg.o
 .debug_info    0x00000a32      0x135 .\CortexM3\ARM_GCC_541\Debug\cymetadata.o
 .debug_info    0x00000b67      0x3bb .\CortexM3\ARM_GCC_541\Debug\Cm3Start.o
 .debug_info    0x00000f22     0x1374 .\CortexM3\ARM_GCC_541\Debug\ProjetDino.a(CyLib.o)
 .debug_info    0x00002296      0xa2a .\CortexM3\ARM_GCC_541\Debug\ProjetDino.a(cyPm.o)
 .debug_info    0x00002cc0      0x11f .\CortexM3\ARM_GCC_541\Debug\ProjetDino.a(SW1.o)
 .debug_info    0x00002ddf      0x11f .\CortexM3\ARM_GCC_541\Debug\ProjetDino.a(SW2.o)
 .debug_info    0x00002efe      0x11f .\CortexM3\ARM_GCC_541\Debug\ProjetDino.a(LED1.o)
 .debug_info    0x0000301d      0x11f .\CortexM3\ARM_GCC_541\Debug\ProjetDino.a(LED2.o)
 .debug_info    0x0000313c      0x11f .\CortexM3\ARM_GCC_541\Debug\ProjetDino.a(LED3.o)
 .debug_info    0x0000325b      0x11f .\CortexM3\ARM_GCC_541\Debug\ProjetDino.a(LED4.o)
 .debug_info    0x0000337a      0x354 .\CortexM3\ARM_GCC_541\Debug\ProjetDino.a(PWM_JUMP.o)
 .debug_info    0x000036ce      0x354 .\CortexM3\ARM_GCC_541\Debug\ProjetDino.a(PWM_DUCK.o)
 .debug_info    0x00003a22      0xbee .\CortexM3\ARM_GCC_541\Debug\ProjetDino.a(ADC.o)
 .debug_info    0x00004610       0xd3 .\CortexM3\ARM_GCC_541\Debug\ProjetDino.a(ADC_INT.o)
 .debug_info    0x000046e3      0x165 .\CortexM3\ARM_GCC_541\Debug\ProjetDino.a(ADC_AMux.o)
 .debug_info    0x00004848      0x283 .\CortexM3\ARM_GCC_541\Debug\ProjetDino.a(ADC_Ext_CP_Clk.o)
 .debug_info    0x00004acb      0x2c4 .\CortexM3\ARM_GCC_541\Debug\ProjetDino.a(ADC_theACLK.o)
 .debug_info    0x00004d8f      0x715 .\CortexM3\ARM_GCC_541\Debug\ProjetDino.a(LCD.o)
 .debug_info    0x000054a4       0x90 .\CortexM3\ARM_GCC_541\Debug\ProjetDino.a(CyBootAsmGnu.o)
 .debug_info    0x00005534      0x64d .\CortexM3\ARM_GCC_541\Debug\ProjetDino.a(CyFlash.o)
 .debug_info    0x00005b81      0x550 .\CortexM3\ARM_GCC_541\Debug\ProjetDino.a(CySpc.o)

.debug_abbrev   0x00000000     0x1930
 *(.debug_abbrev)
 .debug_abbrev  0x00000000      0x121 .\CortexM3\ARM_GCC_541\Debug\main.o
 .debug_abbrev  0x00000121      0x21e .\CortexM3\ARM_GCC_541\Debug\cyfitter_cfg.o
 .debug_abbrev  0x0000033f       0x66 .\CortexM3\ARM_GCC_541\Debug\cymetadata.o
 .debug_abbrev  0x000003a5      0x1e8 .\CortexM3\ARM_GCC_541\Debug\Cm3Start.o
 .debug_abbrev  0x0000058d      0x254 .\CortexM3\ARM_GCC_541\Debug\ProjetDino.a(CyLib.o)
 .debug_abbrev  0x000007e1      0x1ab .\CortexM3\ARM_GCC_541\Debug\ProjetDino.a(cyPm.o)
 .debug_abbrev  0x0000098c       0x90 .\CortexM3\ARM_GCC_541\Debug\ProjetDino.a(SW1.o)
 .debug_abbrev  0x00000a1c       0x90 .\CortexM3\ARM_GCC_541\Debug\ProjetDino.a(SW2.o)
 .debug_abbrev  0x00000aac       0x90 .\CortexM3\ARM_GCC_541\Debug\ProjetDino.a(LED1.o)
 .debug_abbrev  0x00000b3c       0x90 .\CortexM3\ARM_GCC_541\Debug\ProjetDino.a(LED2.o)
 .debug_abbrev  0x00000bcc       0x90 .\CortexM3\ARM_GCC_541\Debug\ProjetDino.a(LED3.o)
 .debug_abbrev  0x00000c5c       0x90 .\CortexM3\ARM_GCC_541\Debug\ProjetDino.a(LED4.o)
 .debug_abbrev  0x00000cec      0x133 .\CortexM3\ARM_GCC_541\Debug\ProjetDino.a(PWM_JUMP.o)
 .debug_abbrev  0x00000e1f      0x133 .\CortexM3\ARM_GCC_541\Debug\ProjetDino.a(PWM_DUCK.o)
 .debug_abbrev  0x00000f52      0x1eb .\CortexM3\ARM_GCC_541\Debug\ProjetDino.a(ADC.o)
 .debug_abbrev  0x0000113d       0x42 .\CortexM3\ARM_GCC_541\Debug\ProjetDino.a(ADC_INT.o)
 .debug_abbrev  0x0000117f       0xb1 .\CortexM3\ARM_GCC_541\Debug\ProjetDino.a(ADC_AMux.o)
 .debug_abbrev  0x00001230      0x139 .\CortexM3\ARM_GCC_541\Debug\ProjetDino.a(ADC_Ext_CP_Clk.o)
 .debug_abbrev  0x00001369      0x121 .\CortexM3\ARM_GCC_541\Debug\ProjetDino.a(ADC_theACLK.o)
 .debug_abbrev  0x0000148a      0x157 .\CortexM3\ARM_GCC_541\Debug\ProjetDino.a(LCD.o)
 .debug_abbrev  0x000015e1       0x14 .\CortexM3\ARM_GCC_541\Debug\ProjetDino.a(CyBootAsmGnu.o)
 .debug_abbrev  0x000015f5      0x1a7 .\CortexM3\ARM_GCC_541\Debug\ProjetDino.a(CyFlash.o)
 .debug_abbrev  0x0000179c      0x194 .\CortexM3\ARM_GCC_541\Debug\ProjetDino.a(CySpc.o)

.debug_line     0x00000000     0x28ae
 *(.debug_line)
 .debug_line    0x00000000      0x277 .\CortexM3\ARM_GCC_541\Debug\main.o
 .debug_line    0x00000277      0x208 .\CortexM3\ARM_GCC_541\Debug\cyfitter_cfg.o
 .debug_line    0x0000047f      0x141 .\CortexM3\ARM_GCC_541\Debug\cymetadata.o
 .debug_line    0x000005c0      0x234 .\CortexM3\ARM_GCC_541\Debug\Cm3Start.o
 .debug_line    0x000007f4      0x816 .\CortexM3\ARM_GCC_541\Debug\ProjetDino.a(CyLib.o)
 .debug_line    0x0000100a      0x367 .\CortexM3\ARM_GCC_541\Debug\ProjetDino.a(cyPm.o)
 .debug_line    0x00001371       0x90 .\CortexM3\ARM_GCC_541\Debug\ProjetDino.a(SW1.o)
 .debug_line    0x00001401       0x90 .\CortexM3\ARM_GCC_541\Debug\ProjetDino.a(SW2.o)
 .debug_line    0x00001491       0x91 .\CortexM3\ARM_GCC_541\Debug\ProjetDino.a(LED1.o)
 .debug_line    0x00001522       0x91 .\CortexM3\ARM_GCC_541\Debug\ProjetDino.a(LED2.o)
 .debug_line    0x000015b3       0x91 .\CortexM3\ARM_GCC_541\Debug\ProjetDino.a(LED3.o)
 .debug_line    0x00001644       0x91 .\CortexM3\ARM_GCC_541\Debug\ProjetDino.a(LED4.o)
 .debug_line    0x000016d5      0x18b .\CortexM3\ARM_GCC_541\Debug\ProjetDino.a(PWM_JUMP.o)
 .debug_line    0x00001860      0x18b .\CortexM3\ARM_GCC_541\Debug\ProjetDino.a(PWM_DUCK.o)
 .debug_line    0x000019eb      0x3c1 .\CortexM3\ARM_GCC_541\Debug\ProjetDino.a(ADC.o)
 .debug_line    0x00001dac       0x80 .\CortexM3\ARM_GCC_541\Debug\ProjetDino.a(ADC_INT.o)
 .debug_line    0x00001e2c       0xac .\CortexM3\ARM_GCC_541\Debug\ProjetDino.a(ADC_AMux.o)
 .debug_line    0x00001ed8      0x17d .\CortexM3\ARM_GCC_541\Debug\ProjetDino.a(ADC_Ext_CP_Clk.o)
 .debug_line    0x00002055      0x19d .\CortexM3\ARM_GCC_541\Debug\ProjetDino.a(ADC_theACLK.o)
 .debug_line    0x000021f2      0x1dc .\CortexM3\ARM_GCC_541\Debug\ProjetDino.a(LCD.o)
 .debug_line    0x000023ce       0x66 .\CortexM3\ARM_GCC_541\Debug\ProjetDino.a(CyBootAsmGnu.o)
 .debug_line    0x00002434      0x21a .\CortexM3\ARM_GCC_541\Debug\ProjetDino.a(CyFlash.o)
 .debug_line    0x0000264e      0x260 .\CortexM3\ARM_GCC_541\Debug\ProjetDino.a(CySpc.o)

.debug_frame    0x00000000     0x1b04
 *(.debug_frame)
 .debug_frame   0x00000000      0x100 .\CortexM3\ARM_GCC_541\Debug\main.o
 .debug_frame   0x00000100      0x104 .\CortexM3\ARM_GCC_541\Debug\cyfitter_cfg.o
 .debug_frame   0x00000204       0xb8 .\CortexM3\ARM_GCC_541\Debug\Cm3Start.o
 .debug_frame   0x000002bc      0x738 .\CortexM3\ARM_GCC_541\Debug\ProjetDino.a(CyLib.o)
 .debug_frame   0x000009f4      0x1f8 .\CortexM3\ARM_GCC_541\Debug\ProjetDino.a(cyPm.o)
 .debug_frame   0x00000bec       0x50 .\CortexM3\ARM_GCC_541\Debug\ProjetDino.a(SW1.o)
 .debug_frame   0x00000c3c       0x50 .\CortexM3\ARM_GCC_541\Debug\ProjetDino.a(SW2.o)
 .debug_frame   0x00000c8c       0x50 .\CortexM3\ARM_GCC_541\Debug\ProjetDino.a(LED1.o)
 .debug_frame   0x00000cdc       0x50 .\CortexM3\ARM_GCC_541\Debug\ProjetDino.a(LED2.o)
 .debug_frame   0x00000d2c       0x50 .\CortexM3\ARM_GCC_541\Debug\ProjetDino.a(LED3.o)
 .debug_frame   0x00000d7c       0x50 .\CortexM3\ARM_GCC_541\Debug\ProjetDino.a(LED4.o)
 .debug_frame   0x00000dcc      0x134 .\CortexM3\ARM_GCC_541\Debug\ProjetDino.a(PWM_JUMP.o)
 .debug_frame   0x00000f00      0x134 .\CortexM3\ARM_GCC_541\Debug\ProjetDino.a(PWM_DUCK.o)
 .debug_frame   0x00001034      0x284 .\CortexM3\ARM_GCC_541\Debug\ProjetDino.a(ADC.o)
 .debug_frame   0x000012b8       0x50 .\CortexM3\ARM_GCC_541\Debug\ProjetDino.a(ADC_INT.o)
 .debug_frame   0x00001308       0x64 .\CortexM3\ARM_GCC_541\Debug\ProjetDino.a(ADC_AMux.o)
 .debug_frame   0x0000136c       0xe0 .\CortexM3\ARM_GCC_541\Debug\ProjetDino.a(ADC_Ext_CP_Clk.o)
 .debug_frame   0x0000144c      0x100 .\CortexM3\ARM_GCC_541\Debug\ProjetDino.a(ADC_theACLK.o)
 .debug_frame   0x0000154c      0x1e8 .\CortexM3\ARM_GCC_541\Debug\ProjetDino.a(LCD.o)
 .debug_frame   0x00001734      0x194 .\CortexM3\ARM_GCC_541\Debug\ProjetDino.a(CyFlash.o)
 .debug_frame   0x000018c8      0x180 .\CortexM3\ARM_GCC_541\Debug\ProjetDino.a(CySpc.o)
 .debug_frame   0x00001a48       0x20 c:/program files (x86)/cypress/psoc creator/4.4/psoc creator/import/gnu/arm/5.4.1/bin/../lib/gcc/arm-none-eabi/5.4.1/../../../../arm-none-eabi/lib/armv7-m\libg_nano.a(lib_a-errno.o)
 .debug_frame   0x00001a68       0x28 c:/program files (x86)/cypress/psoc creator/4.4/psoc creator/import/gnu/arm/5.4.1/bin/../lib/gcc/arm-none-eabi/5.4.1/../../../../arm-none-eabi/lib/armv7-m\libg_nano.a(lib_a-exit.o)
 .debug_frame   0x00001a90       0x2c c:/program files (x86)/cypress/psoc creator/4.4/psoc creator/import/gnu/arm/5.4.1/bin/../lib/gcc/arm-none-eabi/5.4.1/../../../../arm-none-eabi/lib/armv7-m\libg_nano.a(lib_a-init.o)
 .debug_frame   0x00001abc       0x28 c:/program files (x86)/cypress/psoc creator/4.4/psoc creator/import/gnu/arm/5.4.1/bin/../lib/gcc/arm-none-eabi/5.4.1/../../../../arm-none-eabi/lib/armv7-m\libg_nano.a(lib_a-memcpy-stub.o)
 .debug_frame   0x00001ae4       0x20 c:/program files (x86)/cypress/psoc creator/4.4/psoc creator/import/gnu/arm/5.4.1/bin/../lib/gcc/arm-none-eabi/5.4.1/../../../../arm-none-eabi/lib/armv7-m\libg_nano.a(lib_a-memset.o)

.debug_str      0x00000000     0x210d
 *(.debug_str)
 .debug_str     0x00000000      0x2b4 .\CortexM3\ARM_GCC_541\Debug\main.o
                                0x305 (size before relaxing)
 .debug_str     0x000002b4      0x1cc .\CortexM3\ARM_GCC_541\Debug\cyfitter_cfg.o
                                0x35b (size before relaxing)
 .debug_str     0x00000480       0x7f .\CortexM3\ARM_GCC_541\Debug\cymetadata.o
                                0x1e4 (size before relaxing)
 .debug_str     0x000004ff      0x144 .\CortexM3\ARM_GCC_541\Debug\Cm3Start.o
                                0x30a (size before relaxing)
 .debug_str     0x00000643      0x83d .\CortexM3\ARM_GCC_541\Debug\ProjetDino.a(CyLib.o)
                                0xa47 (size before relaxing)
 .debug_str     0x00000e80      0x365 .\CortexM3\ARM_GCC_541\Debug\ProjetDino.a(cyPm.o)
                                0x733 (size before relaxing)
 .debug_str     0x000011e5       0x53 .\CortexM3\ARM_GCC_541\Debug\ProjetDino.a(SW1.o)
                                0x1d8 (size before relaxing)
 .debug_str     0x00001238       0x48 .\CortexM3\ARM_GCC_541\Debug\ProjetDino.a(SW2.o)
                                0x1d8 (size before relaxing)
 .debug_str     0x00001280       0x41 .\CortexM3\ARM_GCC_541\Debug\ProjetDino.a(LED1.o)
                                0x1dd (size before relaxing)
 .debug_str     0x000012c1       0x41 .\CortexM3\ARM_GCC_541\Debug\ProjetDino.a(LED2.o)
                                0x1dd (size before relaxing)
 .debug_str     0x00001302       0x41 .\CortexM3\ARM_GCC_541\Debug\ProjetDino.a(LED3.o)
                                0x1dd (size before relaxing)
 .debug_str     0x00001343       0x41 .\CortexM3\ARM_GCC_541\Debug\ProjetDino.a(LED4.o)
                                0x1dd (size before relaxing)
 .debug_str     0x00001384      0x1b2 .\CortexM3\ARM_GCC_541\Debug\ProjetDino.a(PWM_JUMP.o)
                                0x397 (size before relaxing)
 .debug_str     0x00001536      0x179 .\CortexM3\ARM_GCC_541\Debug\ProjetDino.a(PWM_DUCK.o)
                                0x397 (size before relaxing)
 .debug_str     0x000016af      0x36a .\CortexM3\ARM_GCC_541\Debug\ProjetDino.a(ADC.o)
                                0x5c9 (size before relaxing)
 .debug_str     0x00001a19       0x45 .\CortexM3\ARM_GCC_541\Debug\ProjetDino.a(ADC_INT.o)
                                0x1c0 (size before relaxing)
 .debug_str     0x00001a5e       0x5f .\CortexM3\ARM_GCC_541\Debug\ProjetDino.a(ADC_AMux.o)
                                0x1ff (size before relaxing)
 .debug_str     0x00001abd      0x16d .\CortexM3\ARM_GCC_541\Debug\ProjetDino.a(ADC_Ext_CP_Clk.o)
                                0x342 (size before relaxing)
 .debug_str     0x00001c2a      0x14f .\CortexM3\ARM_GCC_541\Debug\ProjetDino.a(ADC_theACLK.o)
                                0x361 (size before relaxing)
 .debug_str     0x00001d79      0x12d .\CortexM3\ARM_GCC_541\Debug\ProjetDino.a(LCD.o)
                                0x32b (size before relaxing)
 .debug_str     0x00001ea6      0x1bb .\CortexM3\ARM_GCC_541\Debug\ProjetDino.a(CyFlash.o)
                                0x3c0 (size before relaxing)
 .debug_str     0x00002061       0xac .\CortexM3\ARM_GCC_541\Debug\ProjetDino.a(CySpc.o)
                                0x338 (size before relaxing)

.debug_loc      0x00000000     0x2909
 *(.debug_loc)
 .debug_loc     0x00000000      0x219 .\CortexM3\ARM_GCC_541\Debug\cyfitter_cfg.o
 .debug_loc     0x00000219      0x144 .\CortexM3\ARM_GCC_541\Debug\Cm3Start.o
 .debug_loc     0x0000035d      0xa11 .\CortexM3\ARM_GCC_541\Debug\ProjetDino.a(CyLib.o)
 .debug_loc     0x00000d6e      0x1e4 .\CortexM3\ARM_GCC_541\Debug\ProjetDino.a(cyPm.o)
 .debug_loc     0x00000f52       0x42 .\CortexM3\ARM_GCC_541\Debug\ProjetDino.a(SW1.o)
 .debug_loc     0x00000f94       0x42 .\CortexM3\ARM_GCC_541\Debug\ProjetDino.a(SW2.o)
 .debug_loc     0x00000fd6       0x42 .\CortexM3\ARM_GCC_541\Debug\ProjetDino.a(LED1.o)
 .debug_loc     0x00001018       0x42 .\CortexM3\ARM_GCC_541\Debug\ProjetDino.a(LED2.o)
 .debug_loc     0x0000105a       0x42 .\CortexM3\ARM_GCC_541\Debug\ProjetDino.a(LED3.o)
 .debug_loc     0x0000109c       0x42 .\CortexM3\ARM_GCC_541\Debug\ProjetDino.a(LED4.o)
 .debug_loc     0x000010de       0x26 .\CortexM3\ARM_GCC_541\Debug\ProjetDino.a(PWM_JUMP.o)
 .debug_loc     0x00001104       0x26 .\CortexM3\ARM_GCC_541\Debug\ProjetDino.a(PWM_DUCK.o)
 .debug_loc     0x0000112a      0x681 .\CortexM3\ARM_GCC_541\Debug\ProjetDino.a(ADC.o)
 .debug_loc     0x000017ab       0x6c .\CortexM3\ARM_GCC_541\Debug\ProjetDino.a(ADC_AMux.o)
 .debug_loc     0x00001817      0x128 .\CortexM3\ARM_GCC_541\Debug\ProjetDino.a(ADC_Ext_CP_Clk.o)
 .debug_loc     0x0000193f      0x14d .\CortexM3\ARM_GCC_541\Debug\ProjetDino.a(ADC_theACLK.o)
 .debug_loc     0x00001a8c      0x3c6 .\CortexM3\ARM_GCC_541\Debug\ProjetDino.a(LCD.o)
 .debug_loc     0x00001e52      0x3b2 .\CortexM3\ARM_GCC_541\Debug\ProjetDino.a(CyFlash.o)
 .debug_loc     0x00002204      0x705 .\CortexM3\ARM_GCC_541\Debug\ProjetDino.a(CySpc.o)

.debug_macinfo
 *(.debug_macinfo)

.debug_ranges   0x00000000      0x958
 *(.debug_ranges)
 .debug_ranges  0x00000000       0x50 .\CortexM3\ARM_GCC_541\Debug\main.o
 .debug_ranges  0x00000050       0x58 .\CortexM3\ARM_GCC_541\Debug\cyfitter_cfg.o
 .debug_ranges  0x000000a8       0x38 .\CortexM3\ARM_GCC_541\Debug\Cm3Start.o
 .debug_ranges  0x000000e0      0x290 .\CortexM3\ARM_GCC_541\Debug\ProjetDino.a(CyLib.o)
 .debug_ranges  0x00000370       0x88 .\CortexM3\ARM_GCC_541\Debug\ProjetDino.a(cyPm.o)
 .debug_ranges  0x000003f8       0x28 .\CortexM3\ARM_GCC_541\Debug\ProjetDino.a(SW1.o)
 .debug_ranges  0x00000420       0x28 .\CortexM3\ARM_GCC_541\Debug\ProjetDino.a(SW2.o)
 .debug_ranges  0x00000448       0x28 .\CortexM3\ARM_GCC_541\Debug\ProjetDino.a(LED1.o)
 .debug_ranges  0x00000470       0x28 .\CortexM3\ARM_GCC_541\Debug\ProjetDino.a(LED2.o)
 .debug_ranges  0x00000498       0x28 .\CortexM3\ARM_GCC_541\Debug\ProjetDino.a(LED3.o)
 .debug_ranges  0x000004c0       0x28 .\CortexM3\ARM_GCC_541\Debug\ProjetDino.a(LED4.o)
 .debug_ranges  0x000004e8       0x88 .\CortexM3\ARM_GCC_541\Debug\ProjetDino.a(PWM_JUMP.o)
 .debug_ranges  0x00000570       0x88 .\CortexM3\ARM_GCC_541\Debug\ProjetDino.a(PWM_DUCK.o)
 .debug_ranges  0x000005f8       0xd8 .\CortexM3\ARM_GCC_541\Debug\ProjetDino.a(ADC.o)
 .debug_ranges  0x000006d0       0x28 .\CortexM3\ARM_GCC_541\Debug\ProjetDino.a(ADC_INT.o)
 .debug_ranges  0x000006f8       0x20 .\CortexM3\ARM_GCC_541\Debug\ProjetDino.a(ADC_AMux.o)
 .debug_ranges  0x00000718       0x60 .\CortexM3\ARM_GCC_541\Debug\ProjetDino.a(ADC_Ext_CP_Clk.o)
 .debug_ranges  0x00000778       0x70 .\CortexM3\ARM_GCC_541\Debug\ProjetDino.a(ADC_theACLK.o)
 .debug_ranges  0x000007e8       0x88 .\CortexM3\ARM_GCC_541\Debug\ProjetDino.a(LCD.o)
 .debug_ranges  0x00000870       0x78 .\CortexM3\ARM_GCC_541\Debug\ProjetDino.a(CyFlash.o)
 .debug_ranges  0x000008e8       0x70 .\CortexM3\ARM_GCC_541\Debug\ProjetDino.a(CySpc.o)

.comment        0x00000000       0x6e
 .comment       0x00000000       0x6e .\CortexM3\ARM_GCC_541\Debug\main.o
                                 0x6f (size before relaxing)
 .comment       0x0000006e       0x6f .\CortexM3\ARM_GCC_541\Debug\cyfitter_cfg.o
 .comment       0x0000006e       0x6f .\CortexM3\ARM_GCC_541\Debug\cymetadata.o
 .comment       0x0000006e       0x6f .\CortexM3\ARM_GCC_541\Debug\Cm3Start.o
 .comment       0x0000006e       0x6f .\CortexM3\ARM_GCC_541\Debug\ProjetDino.a(CyLib.o)
 .comment       0x0000006e       0x6f .\CortexM3\ARM_GCC_541\Debug\ProjetDino.a(cyPm.o)
 .comment       0x0000006e       0x6f .\CortexM3\ARM_GCC_541\Debug\ProjetDino.a(SW1.o)
 .comment       0x0000006e       0x6f .\CortexM3\ARM_GCC_541\Debug\ProjetDino.a(SW2.o)
 .comment       0x0000006e       0x6f .\CortexM3\ARM_GCC_541\Debug\ProjetDino.a(LED1.o)
 .comment       0x0000006e       0x6f .\CortexM3\ARM_GCC_541\Debug\ProjetDino.a(LED2.o)
 .comment       0x0000006e       0x6f .\CortexM3\ARM_GCC_541\Debug\ProjetDino.a(LED3.o)
 .comment       0x0000006e       0x6f .\CortexM3\ARM_GCC_541\Debug\ProjetDino.a(LED4.o)
 .comment       0x0000006e       0x6f .\CortexM3\ARM_GCC_541\Debug\ProjetDino.a(PWM_JUMP.o)
 .comment       0x0000006e       0x6f .\CortexM3\ARM_GCC_541\Debug\ProjetDino.a(PWM_DUCK.o)
 .comment       0x0000006e       0x6f .\CortexM3\ARM_GCC_541\Debug\ProjetDino.a(ADC.o)
 .comment       0x0000006e       0x6f .\CortexM3\ARM_GCC_541\Debug\ProjetDino.a(ADC_INT.o)
 .comment       0x0000006e       0x6f .\CortexM3\ARM_GCC_541\Debug\ProjetDino.a(ADC_AMux.o)
 .comment       0x0000006e       0x6f .\CortexM3\ARM_GCC_541\Debug\ProjetDino.a(ADC_Ext_CP_Clk.o)
 .comment       0x0000006e       0x6f .\CortexM3\ARM_GCC_541\Debug\ProjetDino.a(ADC_theACLK.o)
 .comment       0x0000006e       0x6f .\CortexM3\ARM_GCC_541\Debug\ProjetDino.a(LCD.o)
 .comment       0x0000006e       0x6f .\CortexM3\ARM_GCC_541\Debug\ProjetDino.a(CyFlash.o)
 .comment       0x0000006e       0x6f .\CortexM3\ARM_GCC_541\Debug\ProjetDino.a(CySpc.o)

.debug_weaknames
 *(.debug_weaknames)

.debug_funcnames
 *(.debug_funcnames)

.debug_typenames
 *(.debug_typenames)

.debug_varnames
 *(.debug_varnames)

.note.gnu.arm.ident
 *(.note.gnu.arm.ident)

.ARM.attributes
                0x00000000       0x29
 *(.ARM.attributes)
 .ARM.attributes
                0x00000000       0x1d c:/program files (x86)/cypress/psoc creator/4.4/psoc creator/import/gnu/arm/5.4.1/bin/../lib/gcc/arm-none-eabi/5.4.1/armv7-m/crti.o
 .ARM.attributes
                0x0000001d       0x2d c:/program files (x86)/cypress/psoc creator/4.4/psoc creator/import/gnu/arm/5.4.1/bin/../lib/gcc/arm-none-eabi/5.4.1/armv7-m/crtbegin.o
 .ARM.attributes
                0x0000004a       0x1b c:/program files (x86)/cypress/psoc creator/4.4/psoc creator/import/gnu/arm/5.4.1/bin/../lib/gcc/arm-none-eabi/5.4.1/../../../../arm-none-eabi/lib/armv7-m/crt0.o
 .ARM.attributes
                0x00000065       0x33 .\CortexM3\ARM_GCC_541\Debug\main.o
 .ARM.attributes
                0x00000098       0x33 .\CortexM3\ARM_GCC_541\Debug\cyfitter_cfg.o
 .ARM.attributes
                0x000000cb       0x33 .\CortexM3\ARM_GCC_541\Debug\cymetadata.o
 .ARM.attributes
                0x000000fe       0x33 .\CortexM3\ARM_GCC_541\Debug\Cm3Start.o
 .ARM.attributes
                0x00000131       0x33 .\CortexM3\ARM_GCC_541\Debug\ProjetDino.a(CyLib.o)
 .ARM.attributes
                0x00000164       0x33 .\CortexM3\ARM_GCC_541\Debug\ProjetDino.a(cyPm.o)
 .ARM.attributes
                0x00000197       0x33 .\CortexM3\ARM_GCC_541\Debug\ProjetDino.a(SW1.o)
 .ARM.attributes
                0x000001ca       0x33 .\CortexM3\ARM_GCC_541\Debug\ProjetDino.a(SW2.o)
 .ARM.attributes
                0x000001fd       0x33 .\CortexM3\ARM_GCC_541\Debug\ProjetDino.a(LED1.o)
 .ARM.attributes
                0x00000230       0x33 .\CortexM3\ARM_GCC_541\Debug\ProjetDino.a(LED2.o)
 .ARM.attributes
                0x00000263       0x33 .\CortexM3\ARM_GCC_541\Debug\ProjetDino.a(LED3.o)
 .ARM.attributes
                0x00000296       0x33 .\CortexM3\ARM_GCC_541\Debug\ProjetDino.a(LED4.o)
 .ARM.attributes
                0x000002c9       0x33 .\CortexM3\ARM_GCC_541\Debug\ProjetDino.a(PWM_JUMP.o)
 .ARM.attributes
                0x000002fc       0x33 .\CortexM3\ARM_GCC_541\Debug\ProjetDino.a(PWM_DUCK.o)
 .ARM.attributes
                0x0000032f       0x33 .\CortexM3\ARM_GCC_541\Debug\ProjetDino.a(ADC.o)
 .ARM.attributes
                0x00000362       0x33 .\CortexM3\ARM_GCC_541\Debug\ProjetDino.a(ADC_INT.o)
 .ARM.attributes
                0x00000395       0x33 .\CortexM3\ARM_GCC_541\Debug\ProjetDino.a(ADC_AMux.o)
 .ARM.attributes
                0x000003c8       0x33 .\CortexM3\ARM_GCC_541\Debug\ProjetDino.a(ADC_Ext_CP_Clk.o)
 .ARM.attributes
                0x000003fb       0x33 .\CortexM3\ARM_GCC_541\Debug\ProjetDino.a(ADC_theACLK.o)
 .ARM.attributes
                0x0000042e       0x33 .\CortexM3\ARM_GCC_541\Debug\ProjetDino.a(LCD.o)
 .ARM.attributes
                0x00000461       0x21 .\CortexM3\ARM_GCC_541\Debug\ProjetDino.a(CyBootAsmGnu.o)
 .ARM.attributes
                0x00000482       0x33 .\CortexM3\ARM_GCC_541\Debug\ProjetDino.a(CyFlash.o)
 .ARM.attributes
                0x000004b5       0x33 .\CortexM3\ARM_GCC_541\Debug\ProjetDino.a(CySpc.o)
 .ARM.attributes
                0x000004e8       0x1d c:/program files (x86)/cypress/psoc creator/4.4/psoc creator/import/gnu/arm/5.4.1/bin/../lib/gcc/arm-none-eabi/5.4.1/armv7-m\libgcc.a(_arm_addsubdf3.o)
 .ARM.attributes
                0x00000505       0x1d c:/program files (x86)/cypress/psoc creator/4.4/psoc creator/import/gnu/arm/5.4.1/bin/../lib/gcc/arm-none-eabi/5.4.1/armv7-m\libgcc.a(_arm_cmpdf2.o)
 .ARM.attributes
                0x00000522       0x1d c:/program files (x86)/cypress/psoc creator/4.4/psoc creator/import/gnu/arm/5.4.1/bin/../lib/gcc/arm-none-eabi/5.4.1/armv7-m\libgcc.a(_arm_addsubsf3.o)
 .ARM.attributes
                0x0000053f       0x1d c:/program files (x86)/cypress/psoc creator/4.4/psoc creator/import/gnu/arm/5.4.1/bin/../lib/gcc/arm-none-eabi/5.4.1/armv7-m\libgcc.a(_arm_muldivsf3.o)
 .ARM.attributes
                0x0000055c       0x1d c:/program files (x86)/cypress/psoc creator/4.4/psoc creator/import/gnu/arm/5.4.1/bin/../lib/gcc/arm-none-eabi/5.4.1/armv7-m\libgcc.a(_arm_fixunssfsi.o)
 .ARM.attributes
                0x00000579       0x2d c:/program files (x86)/cypress/psoc creator/4.4/psoc creator/import/gnu/arm/5.4.1/bin/../lib/gcc/arm-none-eabi/5.4.1/../../../../arm-none-eabi/lib/armv7-m\libg_nano.a(lib_a-errno.o)
 .ARM.attributes
                0x000005a6       0x2d c:/program files (x86)/cypress/psoc creator/4.4/psoc creator/import/gnu/arm/5.4.1/bin/../lib/gcc/arm-none-eabi/5.4.1/../../../../arm-none-eabi/lib/armv7-m\libg_nano.a(lib_a-exit.o)
 .ARM.attributes
                0x000005d3       0x2d c:/program files (x86)/cypress/psoc creator/4.4/psoc creator/import/gnu/arm/5.4.1/bin/../lib/gcc/arm-none-eabi/5.4.1/../../../../arm-none-eabi/lib/armv7-m\libg_nano.a(lib_a-impure.o)
 .ARM.attributes
                0x00000600       0x2d c:/program files (x86)/cypress/psoc creator/4.4/psoc creator/import/gnu/arm/5.4.1/bin/../lib/gcc/arm-none-eabi/5.4.1/../../../../arm-none-eabi/lib/armv7-m\libg_nano.a(lib_a-init.o)
 .ARM.attributes
                0x0000062d       0x2d c:/program files (x86)/cypress/psoc creator/4.4/psoc creator/import/gnu/arm/5.4.1/bin/../lib/gcc/arm-none-eabi/5.4.1/../../../../arm-none-eabi/lib/armv7-m\libg_nano.a(lib_a-memcpy-stub.o)
 .ARM.attributes
                0x0000065a       0x2d c:/program files (x86)/cypress/psoc creator/4.4/psoc creator/import/gnu/arm/5.4.1/bin/../lib/gcc/arm-none-eabi/5.4.1/../../../../arm-none-eabi/lib/armv7-m\libg_nano.a(lib_a-memset.o)
 .ARM.attributes
                0x00000687       0x2d c:/program files (x86)/cypress/psoc creator/4.4/psoc creator/import/gnu/arm/5.4.1/bin/../lib/gcc/arm-none-eabi/5.4.1/armv7-m/crtend.o
 .ARM.attributes
                0x000006b4       0x1d c:/program files (x86)/cypress/psoc creator/4.4/psoc creator/import/gnu/arm/5.4.1/bin/../lib/gcc/arm-none-eabi/5.4.1/armv7-m/crtn.o

/DISCARD/
 *(.note.GNU-stack)
OUTPUT(C:\Users\antoi\Documents\PSoC Creator\ProjetDino\ProjetDino.cydsn\CortexM3\ARM_GCC_541\Debug\ProjetDino.elf elf32-littlearm)
